Players:
P,Klevis,null,null,null
S,Ibrahim,null
S,Diamond,null
P,Murad,null,null,null

Pipes:
p,ID:0,[Klevis],HEALTHY,EMPTY

Active Elements:
C,ID:1,[Diamond, Murad],[3],[2]
S,ID:4,[Ibrahim]

Selected Element: null
Selected ActiveElement: null
Selected Pipe: null

Water in Desert: 0

