java.lang.ArrayIndexOutOfBoundsException: Index 1 out of bounds for length 1
	at mainstring.dev.Grid.setUpPipe(Grid.java:110)
	at mainstring.dev.Grid.<init>(Grid.java:73)
	at mainstring.dev.Game.startGame(Game.java:35)
	at mainstring.dev.Game.<init>(Game.java:26)
	at mainstring.dev.Main.main(Main.java:5)
	at org.codehaus.mojo.exec.ExecJavaMojo$1.run(ExecJavaMojo.java:254)
	at java.base/java.lang.Thread.run(Thread.java:1623)
Pipes:
p,ID:0,[Klevis],[],HEALTHY,EMPTY

Active Elements:


Selected Element: null
Selected ActiveElement: null
Selected Pipe: null

Water in Desert: 0

