Players:					
P,Klevis,0,null,null
S,Ibrahim,4
S,Diamond,1
P,Murad,1,null,null

Pipes:						
p,ID:0,[Klevis],[1,4],HEALTHY,EMPTY	

Active Elements:				
C,ID:1,[Diamond, Murad],[0],[3],[2],0
S,ID:4,[Ibrahim],[0]

Selected Element: null
Selected ActiveElement: null
Selected Pipe: null

Water in Desert: 0