Pipes:						
p,ID:0,[],[1,3],HEALTHY,FULL	
p,ID:5,[],[4,3],HEALTHY,FULL

Active Elements:				
C,ID:1,[Diamond, Murad],[0],[3],[2],2
S,ID:4,[Ibrahim],[0]

Selected Element: null
Selected ActiveElement: null
Selected Pipe: null

Water in Desert: 0