[Game Time: 5, Player Time: 30]
[Game Time: 123, Player Time: 23]